TAP version 13
# Subtest: Platforms: unsupported explicit profiles never receive IOS or ASA commands
not ok 1 - Platforms: unsupported explicit profiles never receive IOS or ASA commands
  ---
  duration_ms: 9.5433
  type: 'test'
  location: 'C:\\Users\\josed\\AppData\\Local\\Temp\\netlab-before-z49tHy\\scripts\\test\\hardening.test.ts:31:1'
  failureType: 'testCodeFailure'
  error: 'l3switch/nxos'
  code: 'ERR_ASSERTION'
  name: 'AssertionError'
  expected: true
  actual: false
  operator: '=='
  stack: |-
    file:///C:/Users/josed/AppData/Local/Temp/netlab-before-z49tHy/scripts/test/hardening.test.ts:34:12
    workspace (file:///C:/Users/josed/AppData/Local/Temp/netlab-before-z49tHy/scripts/test/hardening.test.ts:23:9)
    TestContext.<anonymous> (file:///C:/Users/josed/AppData/Local/Temp/netlab-before-z49tHy/scripts/test/hardening.test.ts:31:90)
    Test.runInAsyncScope (node:async_hooks:227:14)
    Test.run (node:internal/test_runner/test:1201:25)
    Test.start (node:internal/test_runner/test:1096:17)
    startSubtestAfterBootstrap (node:internal/test_runner/harness:385:17)
  ...
# Subtest: CLI: invalid build and config fail before writing any output
not ok 2 - CLI: invalid build and config fail before writing any output
  ---
  duration_ms: 362.6475
  type: 'test'
  location: 'C:\\Users\\josed\\AppData\\Local\\Temp\\netlab-before-z49tHy\\scripts\\test\\hardening.test.ts:45:1'
  failureType: 'testCodeFailure'
  error: 'build must fail'
  code: 'ERR_ASSERTION'
  name: 'AssertionError'
  expected: 0
  actual: 0
  operator: 'notStrictEqual'
  stack: |-
    file:///C:/Users/josed/AppData/Local/Temp/netlab-before-z49tHy/scripts/test/hardening.test.ts:50:12
    workspace (file:///C:/Users/josed/AppData/Local/Temp/netlab-before-z49tHy/scripts/test/hardening.test.ts:23:9)
    TestContext.<anonymous> (file:///C:/Users/josed/AppData/Local/Temp/netlab-before-z49tHy/scripts/test/hardening.test.ts:45:76)
    Test.runInAsyncScope (node:async_hooks:227:14)
    Test.run (node:internal/test_runner/test:1201:25)
    Test.processPendingSubtests (node:internal/test_runner/test:831:18)
    Test.postRun (node:internal/test_runner/test:1330:19)
    Test.run (node:internal/test_runner/test:1258:12)
    async startSubtestAfterBootstrap (node:internal/test_runner/harness:385:3)
  ...
# Subtest: CLI: diagnostic build returns nonzero and writes reports without configs
not ok 3 - CLI: diagnostic build returns nonzero and writes reports without configs
  ---
  duration_ms: 313.5851
  type: 'test'
  location: 'C:\\Users\\josed\\AppData\\Local\\Temp\\netlab-before-z49tHy\\scripts\\test\\hardening.test.ts:55:1'
  failureType: 'testCodeFailure'
  error: 'Expected "actual" to be strictly unequal to: 0'
  code: 'ERR_ASSERTION'
  name: 'AssertionError'
  expected: 0
  actual: 0
  operator: 'notStrictEqual'
  stack: |-
    file:///C:/Users/josed/AppData/Local/Temp/netlab-before-z49tHy/scripts/test/hardening.test.ts:58:10
    workspace (file:///C:/Users/josed/AppData/Local/Temp/netlab-before-z49tHy/scripts/test/hardening.test.ts:23:9)
    TestContext.<anonymous> (file:///C:/Users/josed/AppData/Local/Temp/netlab-before-z49tHy/scripts/test/hardening.test.ts:55:88)
    Test.runInAsyncScope (node:async_hooks:227:14)
    Test.run (node:internal/test_runner/test:1201:25)
    Test.processPendingSubtests (node:internal/test_runner/test:831:18)
    Test.postRun (node:internal/test_runner/test:1330:19)
    Test.run (node:internal/test_runner/test:1258:12)
    async Test.processPendingSubtests (node:internal/test_runner/test:831:7)
  ...
# Subtest: CLI: unknown flags, missing flag values, and config escape hatches fail
not ok 4 - CLI: unknown flags, missing flag values, and config escape hatches fail
  ---
  duration_ms: 267.0271
  type: 'test'
  location: 'C:\\Users\\josed\\AppData\\Local\\Temp\\netlab-before-z49tHy\\scripts\\test\\hardening.test.ts:64:1'
  failureType: 'testCodeFailure'
  error: 'validate C:\\Users\\josed\\AppData\\Local\\Temp\\netlab-hardening-TZMJA0\\network.net.json --strcit'
  code: 'ERR_ASSERTION'
  name: 'AssertionError'
  expected: 0
  actual: 0
  operator: 'notStrictEqual'
  stack: |-
    file:///C:/Users/josed/AppData/Local/Temp/netlab-before-z49tHy/scripts/test/hardening.test.ts:68:12
    workspace (file:///C:/Users/josed/AppData/Local/Temp/netlab-before-z49tHy/scripts/test/hardening.test.ts:23:9)
    TestContext.<anonymous> (file:///C:/Users/josed/AppData/Local/Temp/netlab-before-z49tHy/scripts/test/hardening.test.ts:64:87)
    Test.runInAsyncScope (node:async_hooks:227:14)
    Test.run (node:internal/test_runner/test:1201:25)
    Test.processPendingSubtests (node:internal/test_runner/test:831:18)
    Test.postRun (node:internal/test_runner/test:1330:19)
    Test.run (node:internal/test_runner/test:1258:12)
    async Test.processPendingSubtests (node:internal/test_runner/test:831:7)
  ...
# Subtest: CLI: strict validation rejects warnings with a machine-readable quality gate
not ok 5 - CLI: strict validation rejects warnings with a machine-readable quality gate
  ---
  duration_ms: 474.1004
  type: 'test'
  location: 'C:\\Users\\josed\\AppData\\Local\\Temp\\netlab-before-z49tHy\\scripts\\test\\hardening.test.ts:73:1'
  failureType: 'testCodeFailure'
  error: 'Expected "actual" to be strictly unequal to: 0'
  code: 'ERR_ASSERTION'
  name: 'AssertionError'
  expected: 0
  actual: 0
  operator: 'notStrictEqual'
  stack: |-
    file:///C:/Users/josed/AppData/Local/Temp/netlab-before-z49tHy/scripts/test/hardening.test.ts:78:10
    workspace (file:///C:/Users/josed/AppData/Local/Temp/netlab-before-z49tHy/scripts/test/hardening.test.ts:23:9)
    TestContext.<anonymous> (file:///C:/Users/josed/AppData/Local/Temp/netlab-before-z49tHy/scripts/test/hardening.test.ts:73:92)
    Test.runInAsyncScope (node:async_hooks:227:14)
    Test.run (node:internal/test_runner/test:1201:25)
    Test.processPendingSubtests (node:internal/test_runner/test:831:18)
    Test.postRun (node:internal/test_runner/test:1330:19)
    Test.run (node:internal/test_runner/test:1258:12)
    async Test.processPendingSubtests (node:internal/test_runner/test:831:7)
  ...
# Subtest: CLI: required inconclusive tests block validation and generation
not ok 6 - CLI: required inconclusive tests block validation and generation
  ---
  duration_ms: 240.1921
  type: 'test'
  location: 'C:\\Users\\josed\\AppData\\Local\\Temp\\netlab-before-z49tHy\\scripts\\test\\hardening.test.ts:87:1'
  failureType: 'testCodeFailure'
  error: 'Expected "actual" to be strictly unequal to: 0'
  code: 'ERR_ASSERTION'
  name: 'AssertionError'
  expected: 0
  actual: 0
  operator: 'notStrictEqual'
  stack: |-
    file:///C:/Users/josed/AppData/Local/Temp/netlab-before-z49tHy/scripts/test/hardening.test.ts:91:10
    workspace (file:///C:/Users/josed/AppData/Local/Temp/netlab-before-z49tHy/scripts/test/hardening.test.ts:23:9)
    TestContext.<anonymous> (file:///C:/Users/josed/AppData/Local/Temp/netlab-before-z49tHy/scripts/test/hardening.test.ts:87:80)
    Test.runInAsyncScope (node:async_hooks:227:14)
    Test.run (node:internal/test_runner/test:1201:25)
    Test.processPendingSubtests (node:internal/test_runner/test:831:18)
    Test.postRun (node:internal/test_runner/test:1330:19)
    Test.run (node:internal/test_runner/test:1258:12)
    async Test.processPendingSubtests (node:internal/test_runner/test:831:7)
  ...
# Subtest: Schema: typos fail by default and relaxed discovery cannot generate
not ok 7 - Schema: typos fail by default and relaxed discovery cannot generate
  ---
  duration_ms: 21.6437
  type: 'test'
  location: 'C:\\Users\\josed\\AppData\\Local\\Temp\\netlab-before-z49tHy\\scripts\\test\\hardening.test.ts:98:1'
  failureType: 'testCodeFailure'
  error: |-
    Expected values to be strictly equal:

    'warning' !== 'error'

  code: 'ERR_ASSERTION'
  name: 'AssertionError'
  expected: 'error'
  actual: 'warning'
  operator: 'strictEqual'
  stack: |-
    file:///C:/Users/josed/AppData/Local/Temp/netlab-before-z49tHy/scripts/test/hardening.test.ts:101:10
    workspace (file:///C:/Users/josed/AppData/Local/Temp/netlab-before-z49tHy/scripts/test/hardening.test.ts:23:9)
    TestContext.<anonymous> (file:///C:/Users/josed/AppData/Local/Temp/netlab-before-z49tHy/scripts/test/hardening.test.ts:98:83)
    Test.runInAsyncScope (node:async_hooks:227:14)
    Test.run (node:internal/test_runner/test:1201:25)
    Test.processPendingSubtests (node:internal/test_runner/test:831:18)
    Test.postRun (node:internal/test_runner/test:1330:19)
    Test.run (node:internal/test_runner/test:1258:12)
    async Test.processPendingSubtests (node:internal/test_runner/test:831:7)
  ...
# Subtest: Schema: malformed models produce diagnostics without mutation or exceptions
not ok 8 - Schema: malformed models produce diagnostics without mutation or exceptions
  ---
  duration_ms: 1.2395
  type: 'test'
  location: 'C:\\Users\\josed\\AppData\\Local\\Temp\\netlab-before-z49tHy\\scripts\\test\\hardening.test.ts:108:1'
  failureType: 'testCodeFailure'
  error: |-
    Expected values to be strictly equal:
    + actual - expected

    + '{"modelVersion":1,"meta":{"name":"Bad"},"devices":[{"id":"R1","type":"router","interfaces":[]}],"links":[]}'
    - '{"modelVersion":1,"meta":{"name":"Bad"},"devices":[{"id":"R1","type":"router"}],"links":[]}'

  code: 'ERR_ASSERTION'
  name: 'AssertionError'
  expected: '{"modelVersion":1,"meta":{"name":"Bad"},"devices":[{"id":"R1","type":"router"}],"links":[]}'
  actual: '{"modelVersion":1,"meta":{"name":"Bad"},"devices":[{"id":"R1","type":"router","interfaces":[]}],"links":[]}'
  operator: 'strictEqual'
  stack: |-
    TestContext.<anonymous> (file:///C:/Users/josed/AppData/Local/Temp/netlab-before-z49tHy/scripts/test/hardening.test.ts:112:12)
    Test.runInAsyncScope (node:async_hooks:227:14)
    Test.run (node:internal/test_runner/test:1201:25)
    Test.processPendingSubtests (node:internal/test_runner/test:831:18)
    Test.postRun (node:internal/test_runner/test:1330:19)
    Test.run (node:internal/test_runner/test:1258:12)
    async Test.processPendingSubtests (node:internal/test_runner/test:831:7)
  ...
# Subtest: Input safety: unsafe IDs and case-insensitive file collisions fail
not ok 9 - Input safety: unsafe IDs and case-insensitive file collisions fail
  ---
  duration_ms: 9.5719
  type: 'test'
  location: 'C:\\Users\\josed\\AppData\\Local\\Temp\\netlab-before-z49tHy\\scripts\\test\\hardening.test.ts:116:1'
  failureType: 'testCodeFailure'
  error: 'Missing expected exception.'
  code: 'ERR_ASSERTION'
  name: 'AssertionError'
  expected:
  operator: 'throws'
  stack: |-
    TestContext.<anonymous> (file:///C:/Users/josed/AppData/Local/Temp/netlab-before-z49tHy/scripts/test/hardening.test.ts:120:12)
    Test.runInAsyncScope (node:async_hooks:227:14)
    Test.run (node:internal/test_runner/test:1201:25)
    Test.processPendingSubtests (node:internal/test_runner/test:831:18)
    Test.postRun (node:internal/test_runner/test:1330:19)
    Test.run (node:internal/test_runner/test:1258:12)
    async Test.processPendingSubtests (node:internal/test_runner/test:831:7)
  ...
# Subtest: Input safety: multiline CLI values cannot produce executable commands
not ok 10 - Input safety: multiline CLI values cannot produce executable commands
  ---
  duration_ms: 9.9009
  type: 'test'
  location: 'C:\\Users\\josed\\AppData\\Local\\Temp\\netlab-before-z49tHy\\scripts\\test\\hardening.test.ts:126:1'
  failureType: 'testCodeFailure'
  error: |-
    The expression evaluated to a falsy value:

      assert.ok(analyze(m).diagnostics.some((d) => d.code === 'CLI-CONTROL-CHAR'))

  code: 'ERR_ASSERTION'
  name: 'AssertionError'
  expected: true
  actual: false
  operator: '=='
  stack: |-
    TestContext.<anonymous> (file:///C:/Users/josed/AppData/Local/Temp/netlab-before-z49tHy/scripts/test/hardening.test.ts:134:12)
    Test.runInAsyncScope (node:async_hooks:227:14)
    Test.run (node:internal/test_runner/test:1201:25)
    Test.processPendingSubtests (node:internal/test_runner/test:831:18)
    Test.postRun (node:internal/test_runner/test:1330:19)
    Test.run (node:internal/test_runner/test:1258:12)
    async Test.processPendingSubtests (node:internal/test_runner/test:831:7)
  ...
# Subtest: Import: unsupported authentication lines and encoded keys retain no values
not ok 11 - Import: unsupported authentication lines and encoded keys retain no values
  ---
  duration_ms: 3.7303
  type: 'test'
  location: 'C:\\Users\\josed\\AppData\\Local\\Temp\\netlab-before-z49tHy\\scripts\\test\\hardening.test.ts:139:1'
  failureType: 'testCodeFailure'
  error: 'RADIUS-CANARY'
  code: 'ERR_ASSERTION'
  name: 'AssertionError'
  expected: true
  actual: false
  operator: '=='
  stack: |-
    TestContext.<anonymous> (file:///C:/Users/josed/AppData/Local/Temp/netlab-before-z49tHy/scripts/test/hardening.test.ts:143:35)
    Test.runInAsyncScope (node:async_hooks:227:14)
    Test.run (node:internal/test_runner/test:1201:25)
    Test.processPendingSubtests (node:internal/test_runner/test:831:18)
    Test.postRun (node:internal/test_runner/test:1330:19)
    Test.run (node:internal/test_runner/test:1258:12)
    async Test.processPendingSubtests (node:internal/test_runner/test:831:7)
  ...
# Subtest: Generators: extraConfig is quarantined and persistence is always separate
not ok 12 - Generators: extraConfig is quarantined and persistence is always separate
  ---
  duration_ms: 0.9407
  type: 'test'
  location: 'C:\\Users\\josed\\AppData\\Local\\Temp\\netlab-before-z49tHy\\scripts\\test\\hardening.test.ts:148:1'
  failureType: 'testCodeFailure'
  error: |-
    The expression evaluated to a falsy value:

      assert.ok(!text.includes('EXTRA-CANARY'))

  code: 'ERR_ASSERTION'
  name: 'AssertionError'
  expected: true
  actual: false
  operator: '=='
  stack: |-
    TestContext.<anonymous> (file:///C:/Users/josed/AppData/Local/Temp/netlab-before-z49tHy/scripts/test/hardening.test.ts:154:12)
    Test.runInAsyncScope (node:async_hooks:227:14)
    Test.run (node:internal/test_runner/test:1201:25)
    Test.processPendingSubtests (node:internal/test_runner/test:831:18)
    Test.postRun (node:internal/test_runner/test:1330:19)
    Test.run (node:internal/test_runner/test:1258:12)
    async Test.processPendingSubtests (node:internal/test_runner/test:831:7)
  ...
# Subtest: Artifacts: known secrets never appear in HTML, docs, or diff previews
not ok 13 - Artifacts: known secrets never appear in HTML, docs, or diff previews
  ---
  duration_ms: 18.7965
  type: 'test'
  location: 'C:\\Users\\josed\\AppData\\Local\\Temp\\netlab-before-z49tHy\\scripts\\test\\hardening.test.ts:159:1'
  failureType: 'testCodeFailure'
  error: 'ENABLE-CANARY'
  code: 'ERR_ASSERTION'
  name: 'AssertionError'
  expected: true
  actual: false
  operator: '=='
  stack: |-
    TestContext.<anonymous> (file:///C:/Users/josed/AppData/Local/Temp/netlab-before-z49tHy/scripts/test/hardening.test.ts:169:136)
    Test.runInAsyncScope (node:async_hooks:227:14)
    Test.run (node:internal/test_runner/test:1201:25)
    Test.processPendingSubtests (node:internal/test_runner/test:831:18)
    Test.postRun (node:internal/test_runner/test:1330:19)
    Test.run (node:internal/test_runner/test:1258:12)
    async Test.processPendingSubtests (node:internal/test_runner/test:831:7)
  ...
# Subtest: CLI: explicit secrets stay in config files and never in shareable build artifacts
not ok 14 - CLI: explicit secrets stay in config files and never in shareable build artifacts
  ---
  duration_ms: 242.5984
  type: 'test'
  location: 'C:\\Users\\josed\\AppData\\Local\\Temp\\netlab-before-z49tHy\\scripts\\test\\hardening.test.ts:174:1'
  failureType: 'testCodeFailure'
  error: |-
    The expression evaluated to a falsy value:

      assert.ok(!preview.stdout.includes('BUILD-CANARY'))

  code: 'ERR_ASSERTION'
  name: 'AssertionError'
  expected: true
  actual: false
  operator: '=='
  stack: |-
    file:///C:/Users/josed/AppData/Local/Temp/netlab-before-z49tHy/scripts/test/hardening.test.ts:179:10
    workspace (file:///C:/Users/josed/AppData/Local/Temp/netlab-before-z49tHy/scripts/test/hardening.test.ts:23:9)
    TestContext.<anonymous> (file:///C:/Users/josed/AppData/Local/Temp/netlab-before-z49tHy/scripts/test/hardening.test.ts:174:97)
    Test.runInAsyncScope (node:async_hooks:227:14)
    Test.run (node:internal/test_runner/test:1201:25)
    Test.processPendingSubtests (node:internal/test_runner/test:831:18)
    Test.postRun (node:internal/test_runner/test:1330:19)
    Test.run (node:internal/test_runner/test:1258:12)
    async Test.processPendingSubtests (node:internal/test_runner/test:831:7)
  ...
# Subtest: HTML: adversarial text cannot terminate the JSON script or inject the title
ok 15 - HTML: adversarial text cannot terminate the JSON script or inject the title
  ---
  duration_ms: 10.9471
  type: 'test'
  ...
# Subtest: CLI: output path traversal is refused before file creation
not ok 16 - CLI: output path traversal is refused before file creation
  ---
  duration_ms: 242.5482
  type: 'test'
  location: 'C:\\Users\\josed\\AppData\\Local\\Temp\\netlab-before-z49tHy\\scripts\\test\\hardening.test.ts:200:1'
  failureType: 'testCodeFailure'
  error: 'Expected "actual" to be strictly unequal to: 0'
  code: 'ERR_ASSERTION'
  name: 'AssertionError'
  expected: 0
  actual: 0
  operator: 'notStrictEqual'
  stack: |-
    file:///C:/Users/josed/AppData/Local/Temp/netlab-before-z49tHy/scripts/test/hardening.test.ts:204:10
    workspace (file:///C:/Users/josed/AppData/Local/Temp/netlab-before-z49tHy/scripts/test/hardening.test.ts:23:9)
    TestContext.<anonymous> (file:///C:/Users/josed/AppData/Local/Temp/netlab-before-z49tHy/scripts/test/hardening.test.ts:200:74)
    Test.runInAsyncScope (node:async_hooks:227:14)
    Test.run (node:internal/test_runner/test:1201:25)
    Test.processPendingSubtests (node:internal/test_runner/test:831:18)
    Test.postRun (node:internal/test_runner/test:1330:19)
    Test.run (node:internal/test_runner/test:1258:12)
    async Test.processPendingSubtests (node:internal/test_runner/test:831:7)
  ...
# Subtest: CLI: existing output junctions/symlinks cannot redirect generated files
not ok 17 - CLI: existing output junctions/symlinks cannot redirect generated files
  ---
  duration_ms: 333.9317
  type: 'test'
  location: 'C:\\Users\\josed\\AppData\\Local\\Temp\\netlab-before-z49tHy\\scripts\\test\\hardening.test.ts:209:1'
  failureType: 'testCodeFailure'
  error: 'Expected "actual" to be strictly unequal to: 0'
  code: 'ERR_ASSERTION'
  name: 'AssertionError'
  expected: 0
  actual: 0
  operator: 'notStrictEqual'
  stack: |-
    file:///C:/Users/josed/AppData/Local/Temp/netlab-before-z49tHy/scripts/test/hardening.test.ts:214:10
    workspace (file:///C:/Users/josed/AppData/Local/Temp/netlab-before-z49tHy/scripts/test/hardening.test.ts:23:9)
    TestContext.<anonymous> (file:///C:/Users/josed/AppData/Local/Temp/netlab-before-z49tHy/scripts/test/hardening.test.ts:209:87)
    Test.runInAsyncScope (node:async_hooks:227:14)
    Test.run (node:internal/test_runner/test:1201:25)
    Test.processPendingSubtests (node:internal/test_runner/test:831:18)
    Test.postRun (node:internal/test_runner/test:1330:19)
    Test.run (node:internal/test_runner/test:1258:12)
    async Test.processPendingSubtests (node:internal/test_runner/test:831:7)
  ...
# Subtest: Identifiers: separate hostname preserves the internal ID and filename
not ok 18 - Identifiers: separate hostname preserves the internal ID and filename
  ---
  duration_ms: 1.7505
  type: 'test'
  location: 'C:\\Users\\josed\\AppData\\Local\\Temp\\netlab-before-z49tHy\\scripts\\test\\hardening.test.ts:220:1'
  failureType: 'testCodeFailure'
  error: |-
    The input did not match the regular expression /^hostname edge-router$/m. Input:

    '! ==================================================================\n' +
      '! asset_001 — cisco 2911 (IOS)\n' +
      '! Network: PT lab: 3 VLANs + router-on-a-stick + DHCP | Target: packet-tracer\n' +
      '! Generated from the model (single source of truth). Paste from user EXEC mode.\n' +
      '! Note: IOS 15.x. The most common router in Packet Tracer CCNA labs.\n' +
      '! Note: IPsec/ZBF require: license boot module c2900 technology-package securityk9 + reload.\n' +
      '! ==================================================================\n' +
      'enable\n' +
      'configure terminal\n' +
      'hostname asset_001\n' +
      'no ip domain-lookup\n' +
      '!\n' +
      '! --- Basic security ---\n' +
      'enable secret class\n' +
      'service password-encryption\n' +
      'banner motd #Authorized personnel only#\n' +
      '!\n' +
      '! --- Interfaces ---\n' +
      'interface GigabitEthernet0/0\n' +
      ' description Trunk to SW1\n' +
      ' no shutdown\n' +
      'exit\n' +
      'interface GigabitEthernet0/0.10\n' +
      ' description Gateway SALES\n' +
      ' encapsulation dot1Q 10\n' +
      ' ip address 192.168.10.1 255.255.255.0\n' +
      ' no shutdown\n' +
      'exit\n' +
      'interface GigabitEthernet0/0.20\n' +
      ' description Gateway ADMIN\n' +
      ' encapsulation dot1Q 20\n' +
      ' ip address 192.168.20.1 255.255.255.0\n' +
      ' no shutdown\n' +
      'exit\n' +
      'interface GigabitEthernet0/0.30\n' +
      ' description Gateway IT\n' +
      ' encapsulation dot1Q 30\n' +
      ' ip address 192.168.30.1 255.255.255.0\n' +
      ' no shutdown\n' +
      'exit\n' +
      'interface GigabitEthernet0/0.99\n' +
      ' description Gateway MGMT\n' +
      ' encapsulation dot1Q 99\n' +
      ' ip address 192.168.99.1 255.255.255.0\n' +
      ' no shutdown\n' +
      'exit\n' +
      '!\n' +
      '! --- Services ---\n' +
      'ip dhcp excluded-address 192.168.10.1 192.168.10.10\n' +
      'ip dhcp excluded-address 192.168.20.1 192.168.20.10\n' +
      'ip dhcp excluded-address 192.168.30.1 192.168.30.10\n' +
      'ip dhcp pool SALES\n' +
      ' network 192.168.10.0 255.255.255.0\n' +
      ' default-router 192.168.10.1\n' +
      ' dns-server 8.8.8.8\n' +
      'exit\n' +
      'ip dhcp pool ADMIN\n' +
      ' network 192.168.20.0 255.255.255.0\n' +
      ' default-router 192.168.20.1\n' +
      ' dns-server 8.8.8.8\n' +
      'exit\n' +
      'ip dhcp pool IT\n' +
      ' network 192.168.30.0 255.255.255.0\n' +
      ' default-router 192.168.30.1\n' +
      ' dns-server 8.8.8.8\n' +
      'exit\n' +
      '!\n' +
      '! --- Remote access and lines ---\n' +
      'ip domain-name lab.local\n' +
      'username admin privilege 15 secret cisco123\n' +
      'crypto key generate rsa general-keys modulus 1024\n' +
      'ip ssh version 2\n' +
      'line console 0\n' +
      ' password cisco\n' +
      ' login\n' +
      ' logging synchronous\n' +
      'exit\n' +
      'line vty 0 4\n' +
      ' login local\n' +
      ' transport input ssh\n' +
      ' exec-timeout 10 0\n' +
      'exit\n' +
      '!\n' +
      'end\n' +
      'write memory\n'

  code: 'ERR_ASSERTION'
  name: 'AssertionError'
  expected:
  actual: |-
    ! ==================================================================
    ! asset_001 — cisco 2911 (IOS)
    ! Network: PT lab: 3 VLANs + router-on-a-stick + DHCP | Target: packet-tracer
    ! Generated from the model (single source of truth). Paste from user EXEC mode.
    ! Note: IOS 15.x. The most common router in Packet Tracer CCNA labs.
    ! Note: IPsec/ZBF require: license boot module c2900 technology-package securityk9 + reload.
    ! ==================================================================
    enable
    configure terminal
    hostname asset_001
    no ip domain-lookup
    !
    ! --- Basic security ---
    enable secret class
    service password-encryption
    banner motd #Authorized personnel only#
    !
    ! --- Interfaces ---
    interface GigabitEthernet0/0
     description Trunk to SW1
     no shutdown
    exit
    interface GigabitEthernet0/0.10
     description Gateway SALES
     encapsulation dot1Q 10
     ip address 192.168.10.1 255.255.255.0
     no shutdown
    exit
    interface GigabitEthernet0/0.20
     description Gateway ADMIN
     encapsulation dot1Q 20
     ip address 192.168.20.1 255.255.255.0
     no shutdown
    exit
    interface GigabitEthernet0/0.30
     description Gateway IT
     encapsulation dot1Q 30
     ip address 192.168.30.1 255.255.255.0
     no shutdown
    exit
    interface GigabitEthernet0/0.99
     description Gateway MGMT
     encapsulation dot1Q 99
     ip address 192.168.99.1 255.255.255.0
     no shutdown
    exit
    !
    ! --- Services ---
    ip dhcp excluded-address 192.168.10.1 192.168.10.10
    ip dhcp excluded-address 192.168.20.1 192.168.20.10
    ip dhcp excluded-address 192.168.30.1 192.168.30.10
    ip dhcp pool SALES
     network 192.168.10.0 255.255.255.0
     default-router 192.168.10.1
     dns-server 8.8.8.8
    exit
    ip dhcp pool ADMIN
     network 192.168.20.0 255.255.255.0
     default-router 192.168.20.1
     dns-server 8.8.8.8
    exit
    ip dhcp pool IT
     network 192.168.30.0 255.255.255.0
     default-router 192.168.30.1
     dns-server 8.8.8.8
    exit
    !
    ! --- Remote access and lines ---
    ip domain-name lab.local
    username admin privilege 15 secret cisco123
    crypto key generate rsa general-keys modulus 1024
    ip ssh version 2
    line console 0
     password cisco
     login
     logging synchronous
    exit
    line vty 0 4
     login local
     transport input ssh
     exec-timeout 10 0
    exit
    !
    end
    write memory

  operator: 'match'
  stack: |-
    TestContext.<anonymous> (file:///C:/Users/josed/AppData/Local/Temp/netlab-before-z49tHy/scripts/test/hardening.test.ts:225:10)
    Test.runInAsyncScope (node:async_hooks:227:14)
    Test.run (node:internal/test_runner/test:1201:25)
    Test.processPendingSubtests (node:internal/test_runner/test:831:18)
    Test.postRun (node:internal/test_runner/test:1330:19)
    Test.run (node:internal/test_runner/test:1258:12)
    async Test.processPendingSubtests (node:internal/test_runner/test:831:7)
  ...
# Subtest: CLI: malformed model JSON reports errors in JSON without leaking values
not ok 19 - CLI: malformed model JSON reports errors in JSON without leaking values
  ---
  duration_ms: 222.5466
  type: 'test'
  location: 'C:\\Users\\josed\\AppData\\Local\\Temp\\netlab-before-z49tHy\\scripts\\test\\hardening.test.ts:230:1'
  failureType: 'testCodeFailure'
  error: 'Unexpected end of JSON input'
  code: 'ERR_TEST_FAILURE'
  name: 'SyntaxError'
  stack: |-
    JSON.parse (<anonymous>)
    file:///C:/Users/josed/AppData/Local/Temp/netlab-before-z49tHy/scripts/test/hardening.test.ts:234:20
    workspace (file:///C:/Users/josed/AppData/Local/Temp/netlab-before-z49tHy/scripts/test/hardening.test.ts:23:9)
    TestContext.<anonymous> (file:///C:/Users/josed/AppData/Local/Temp/netlab-before-z49tHy/scripts/test/hardening.test.ts:230:87)
    Test.runInAsyncScope (node:async_hooks:227:14)
    Test.run (node:internal/test_runner/test:1201:25)
    Test.processPendingSubtests (node:internal/test_runner/test:831:18)
    Test.postRun (node:internal/test_runner/test:1330:19)
    Test.run (node:internal/test_runner/test:1258:12)
    async Test.processPendingSubtests (node:internal/test_runner/test:831:7)
  ...
# Subtest: Redaction: a password equal to an ID or CLI keyword cannot rewrite the network
not ok 20 - Redaction: a password equal to an ID or CLI keyword cannot rewrite the network
  ---
  duration_ms: 0.4774
  type: 'test'
  location: 'C:\\Users\\josed\\AppData\\Local\\Temp\\netlab-before-z49tHy\\scripts\\test\\hardening.test.ts:238:1'
  failureType: 'testCodeFailure'
  error: |-
    The input did not match the regular expression /enable (?:secret|password) <SECRET>/. Input:

    '! ==================================================================\n' +
      '! admin — cisco router (IOS)\n' +
      '! Network: Preview | Target: packet-tracer\n' +
      '! Generated from the model (single source of truth). Paste from user EXEC mode.\n' +
      '! ==================================================================\n' +
      'enable\n' +
      'configure terminal\n' +
      'hostname admin\n' +
      'no ip domain-lookup\n' +
      '!\n' +
      '! --- Basic security ---\n' +
      'enable secret admin\n' +
      '!\n' +
      'end\n' +
      'write memory\n'

  code: 'ERR_ASSERTION'
  name: 'AssertionError'
  expected:
  actual: |-
    ! ==================================================================
    ! admin — cisco router (IOS)
    ! Network: Preview | Target: packet-tracer
    ! Generated from the model (single source of truth). Paste from user EXEC mode.
    ! ==================================================================
    enable
    configure terminal
    hostname admin
    no ip domain-lookup
    !
    ! --- Basic security ---
    enable secret admin
    !
    end
    write memory

  operator: 'match'
  stack: |-
    TestContext.<anonymous> (file:///C:/Users/josed/AppData/Local/Temp/netlab-before-z49tHy/scripts/test/hardening.test.ts:244:12)
    Test.runInAsyncScope (node:async_hooks:227:14)
    Test.run (node:internal/test_runner/test:1201:25)
    Test.processPendingSubtests (node:internal/test_runner/test:831:18)
    Test.postRun (node:internal/test_runner/test:1330:19)
    Test.run (node:internal/test_runner/test:1258:12)
    async Test.processPendingSubtests (node:internal/test_runner/test:831:7)
  ...
# Subtest: IPv4: subnetInfo computes network, broadcast and hosts
ok 21 - IPv4: subnetInfo computes network, broadcast and hosts
  ---
  duration_ms: 1.6415
  type: 'test'
  ...
# Subtest: IPv4: VLSM allocates largest first and aligns blocks
ok 22 - IPv4: VLSM allocates largest first and aligns blocks
  ---
  duration_ms: 1.2449
  type: 'test'
  ...
# Subtest: IPv6: RFC 5952 compression, subnetting and EUI-64
ok 23 - IPv6: RFC 5952 compression, subnetting and EUI-64
  ---
  duration_ms: 0.7004
  type: 'test'
  ...
# Subtest: Interface names: abbreviations and ranges
ok 24 - Interface names: abbreviations and ranges
  ---
  duration_ms: 0.6448
  type: 'test'
  ...
# Subtest: PT 3-VLAN example: no errors and every test passes
ok 25 - PT 3-VLAN example: no errors and every test passes
  ---
  duration_ms: 30.3658
  type: 'test'
  ...
# Subtest: Campus example: OSPF default propagation, PAT and guest ACL
ok 26 - Campus example: OSPF default propagation, PAT and guest ACL
  ---
  duration_ms: 15.8944
  type: 'test'
  ...
# Subtest: Every healthy example validates with no errors and passing tests
ok 27 - Every healthy example validates with no errors and passing tests
  ---
  duration_ms: 37.9285
  type: 'test'
  ...
# Subtest: Broken lab: detects the 5 root causes
ok 28 - Broken lab: detects the 5 root causes
  ---
  duration_ms: 9.2293
  type: 'test'
  ...
# Subtest: Validator: trunk vs access, duplicate IP and incompatible EtherChannel
ok 29 - Validator: trunk vs access, duplicate IP and incompatible EtherChannel
  ---
  duration_ms: 0.7173
  type: 'test'
  ...
# Subtest: Validator: undefined ACL, OSPF area mismatch and static route with unreachable next hop
ok 30 - Validator: undefined ACL, OSPF area mismatch and static route with unreachable next hop
  ---
  duration_ms: 0.4795
  type: 'test'
  ...
# Subtest: Serial WAN: real OSPF cost, wrong cable and OSPF on one end only
ok 31 - Serial WAN: real OSPF cost, wrong cable and OSPF on one end only
  ---
  duration_ms: 1.1165
  type: 'test'
  ...
# Subtest: IOS generator: router-on-a-stick, 2960 and 3560 switches
ok 32 - IOS generator: router-on-a-stick, 2960 and 3560 switches
  ---
  duration_ms: 2.827
  type: 'test'
  ...
# Subtest: Outputs: self-contained HTML, documentation and Mermaid
ok 33 - Outputs: self-contained HTML, documentation and Mermaid
  ---
  duration_ms: 22.1292
  type: 'test'
  ...
# Subtest: HSRP + STP + EIGRP: per-VLAN active, blocked ports and composite metric
ok 34 - HSRP + STP + EIGRP: per-VLAN active, blocked ports and composite metric
  ---
  duration_ms: 12.9336
  type: 'test'
  ...
# Subtest: ASA: security levels, inspect icmp, static NAT and inbound ACL
ok 35 - ASA: security levels, inspect icmp, static NAT and inbound ACL
  ---
  duration_ms: 5.5286
  type: 'test'
  ...
# Subtest: Site-to-site IPsec: tunnel, NAT exemption and mirrored validation
ok 36 - Site-to-site IPsec: tunnel, NAT exemption and mirrored validation
  ---
  duration_ms: 3.8759
  type: 'test'
  ...
# Subtest: OSPFv3: IPv6 table with link-local next hop and cost
ok 37 - OSPFv3: IPv6 table with link-local next hop and cost
  ---
  duration_ms: 2.0516
  type: 'test'
  ...
# Subtest: Schema: misspelled fields with a suggestion, and clean examples
ok 38 - Schema: misspelled fields with a suggestion, and clean examples
  ---
  duration_ms: 57.4069
  type: 'test'
  ...
# Subtest: Import: running-config + CDP → valid model with links and no secrets
ok 39 - Import: running-config + CDP → valid model with links and no secrets
  ---
  duration_ms: 15.4435
  type: 'test'
  ...
# Subtest: Import round trip: generated configs → model with HSRP, EtherChannel and EIGRP
ok 40 - Import round trip: generated configs → model with HSRP, EtherChannel and EIGRP
  ---
  duration_ms: 5.2772
  type: 'test'
  ...
# Subtest: Diff: device changes, removed link, new problems and HTML with ghost links
ok 41 - Diff: device changes, removed link, new problems and HTML with ghost links
  ---
  duration_ms: 16.185
  type: 'test'
  ...
# Subtest: Schema subset: every constraint used by the model accepts valid and rejects invalid values
not ok 42 - Schema subset: every constraint used by the model accepts valid and rejects invalid values
  ---
  duration_ms: 17.0694
  type: 'test'
  location: 'C:\\Users\\josed\\AppData\\Local\\Temp\\netlab-before-z49tHy\\scripts\\test\\schema.test.ts:13:1'
  failureType: 'testCodeFailure'
  error: |-
    The expression evaluated to a falsy value:

      assert.ok(issues({ a: undefined }, { required: ['a'] }).length > 0)

  code: 'ERR_ASSERTION'
  name: 'AssertionError'
  expected: true
  actual: false
  operator: '=='
  stack: |-
    TestContext.<anonymous> (file:///C:/Users/josed/AppData/Local/Temp/netlab-before-z49tHy/scripts/test/schema.test.ts:30:10)
    Test.runInAsyncScope (node:async_hooks:227:14)
    Test.run (node:internal/test_runner/test:1201:25)
    Test.start (node:internal/test_runner/test:1096:17)
    startSubtestAfterBootstrap (node:internal/test_runner/harness:385:17)
  ...
# Subtest: Schema subset: new unimplemented constraints cannot silently enter the schema
ok 43 - Schema subset: new unimplemented constraints cannot silently enter the schema
  ---
  duration_ms: 1.4097
  type: 'test'
  ...
# Subtest: Schema: structural errors beyond the display limit stop semantic analysis
not ok 44 - Schema: structural errors beyond the display limit stop semantic analysis
  ---
  duration_ms: 13.17
  type: 'test'
  location: 'C:\\Users\\josed\\AppData\\Local\\Temp\\netlab-before-z49tHy\\scripts\\test\\schema.test.ts:47:1'
  failureType: 'testCodeFailure'
  error: |-
    The expression evaluated to a falsy value:

      assert.ok(a.counts.error > 0)

  code: 'ERR_ASSERTION'
  name: 'AssertionError'
  expected: true
  actual: false
  operator: '=='
  stack: |-
    TestContext.<anonymous> (file:///C:/Users/josed/AppData/Local/Temp/netlab-before-z49tHy/scripts/test/schema.test.ts:50:10)
    Test.runInAsyncScope (node:async_hooks:227:14)
    Test.run (node:internal/test_runner/test:1201:25)
    Test.processPendingSubtests (node:internal/test_runner/test:831:18)
    Test.postRun (node:internal/test_runner/test:1330:19)
    Test.run (node:internal/test_runner/test:1258:12)
    async Test.processPendingSubtests (node:internal/test_runner/test:831:7)
  ...
# Subtest: Socket regression: subnet gateway payloads never become HTML elements
ok 45 - Socket regression: subnet gateway payloads never become HTML elements
  ---
  duration_ms: 7.6152
  type: 'test'
  ...
# Subtest: Socket regression: severity values cannot create attributes in diagnostics or diff
ok 46 - Socket regression: severity values cannot create attributes in diagnostics or diff
  ---
  duration_ms: 5.2777
  type: 'test'
  ...
# Subtest: Viewer boundary: diagnostic severity CSS classes use only fixed known tokens
not ok 47 - Viewer boundary: diagnostic severity CSS classes use only fixed known tokens
  ---
  duration_ms: 4.2666
  type: 'test'
  location: 'C:\\Users\\josed\\AppData\\Local\\Temp\\netlab-before-z49tHy\\scripts\\test\\viewer-security.test.ts:60:1'
  failureType: 'testCodeFailure'
  error: 'error injected-class'
  code: 'ERR_ASSERTION'
  name: 'AssertionError'
  expected: true
  actual: false
  operator: '=='
  stack: |-
    TestContext.<anonymous> (file:///C:/Users/josed/AppData/Local/Temp/netlab-before-z49tHy/scripts/test/viewer-security.test.ts:64:130)
    Test.runInAsyncScope (node:async_hooks:227:14)
    Test.run (node:internal/test_runner/test:1201:25)
    Test.processPendingSubtests (node:internal/test_runner/test:831:18)
    Test.postRun (node:internal/test_runner/test:1330:19)
    Test.run (node:internal/test_runner/test:1258:12)
    async Test.processPendingSubtests (node:internal/test_runner/test:831:7)
  ...
1..47
# tests 47
# suites 0
# pass 25
# fail 22
# cancelled 0
# skipped 0
# todo 0
# duration_ms 3140.0906
